// Jest Snapshot v1, https://goo.gl/fbAQLP

exports[`<PropertiesInsideList /> should render main. 1`] = `
<div
  className="property__inside"
>
  <h2
    className="property__inside-title"
  >
    What's inside
  </h2>
  <ul
    className="property__inside-list"
  >
    <li
      className="property__inside-item"
    >
      Ванная
    </li>
    <li
      className="property__inside-item"
    >
      Камин
    </li>
    <li
      className="property__inside-item"
    >
      Стул
    </li>
    <li
      className="property__inside-item"
    >
      Стол
    </li>
    <li
      className="property__inside-item"
    >
      Ложка
    </li>
  </ul>
</div>
`;
